---
source: semigroup_derive/src/properties.rs
assertion_line: 77
expression: formatted
---
/// A semigroup struct that returns the sum and overwrite
/// # Properties
/// <!-- properties start -->
///| annotated | monoid | commutative |
///|-----------|--------|-------------|
///| ❌        | ❌     | ❌          |
///<!-- properties end -->
pub struct UnnamedStruct<T: std::ops::Add>(
    #[semigroup(with = "semigroup::op::semigroup::add::Added")]
    T,
    u64,
);
